 git add messy.c
abdul-karim@abdul-karim-VivoBook-ASUSLaptop-X409FAC-X409FA:~/student-portal$ git commit -m "added messy version of students marks program"
[master 11671f4] added messy version of students marks program
 1 file changed, 10 insertions(+)
 create mode 100644 messy.c
abdul-karim@abdul-karim-VivoBook-ASUSLaptop-X409FAC-X409FA:~/student-portal$ git add Abc.c
fatal: pathspec 'Abc.c' did not match any files
abdul-karim@abdul-karim-VivoBook-ASUSLaptop-X409FAC-X409FA:~/student-portal$ git add Abc.c
abdul-karim@abdul-karim-VivoBook-ASUSLaptop-X409FAC-X409FA:~/student-portal$ git commit -m "refactored code structure and code indentation"
[master f90a369] refactored code structure and code indentation
 1 file changed, 50 insertions(+)
 create mode 100644 Abc.c
abdul-karim@abdul-karim-VivoBook-ASUSLaptop-X409FAC-X409FA:~/student-portal$ git add Abc.c
abdul-karim@abdul-karim-VivoBook-ASUSLaptop-X409FAC-X409FA:~/student-portal$ git commit -m "renamed variables for clearity"
On branch master
Your branch is ahead of 'origin/master' by 2 commits.
  (use "git push" to publish your local commits)

Untracked files:
  (use "git add <file>..." to include in what will be committed)
	Abc.c.c

nothing added to commit but untracked files present (use "git add" to track)
abdul-karim@abdul-karim-VivoBook-ASUSLaptop-X409FAC-X409FA:~/student-portal$ git add Abc.c
abdul-karim@abdul-karim-VivoBook-ASUSLaptop-X409FAC-X409FA:~/student-portal$ git commit -m "added functions for average, total and grade calculation"
On branch master
Your branch is ahead of 'origin/master' by 2 commits.
  (use "git push" to publish your local commits)

Untracked files:
  (use "git add <file>..." to include in what will be committed)
	Abc.c.c

nothing added to commit but untracked files present (use "git add" to track)
abdul-karim@abdul-karim-VivoBook-ASUSLaptop-X409FAC-X409FA:~/student-portal$ git add Abc.c
abdul-karim@abdul-karim-VivoBook-ASUSLaptop-X409FAC-X409FA:~/student-portal$ git commit -m "added comments and improved output formatting"
On branch master
Your branch is ahead of 'origin/master' by 2 commits.
  (use "git push" to publish your local commits)

Untracked files:
  (use "git add <file>..." to include in what will be committed)
	Abc.c.c

nothing added to commit but untracked files present (use "git add" to track)
abdul-karim@abdul-karim-VivoBook-ASUSLaptop-X409FAC-X409FA:~/student-portal$ git add README.md
abdul-karim@abdul-karim-VivoBook-ASUSLaptop-X409FAC-X409FA:~/student-portal$ git commit -m "added README file documenting code and git steps" 
On branch master
Your branch is ahead of 'origin/master' by 2 commits.
  (use "git push" to publish your local commits)

Untracked files:
  (use "git add <file>..." to include in what will be committed)
	Abc.c.c
	README..md

nothing added to commit but untracked files present (use "git add" to track)
abdul-karim@abdul-karim-VivoBook-ASUSLaptop-X409FAC-X409FA:~/student-portal$ git add README-.md
abdul-karim@abdul-karim-VivoBook-ASUSLaptop-X409FAC-X409FA:~/student-portal$ git commit -m "added README file documenting code and git steps"
[master 383aed5] added README file documenting code and git steps
 1 file changed, 39 insertions(+)
 create mode 100644 README-.md
abdul-karim@abdul-karim-VivoBook-ASUSLaptop-X409FAC-X409FA:~/student-portal$ git log --oneline
383aed5 (HEAD -> master) added README file documenting code and git steps
f90a369 refactored code structure and code indentation
11671f4 added messy version of students marks program
25391d3 (origin/master) Initial commit: added project files
abdul-karim@abdul-karim-VivoBook-ASUSLaptop-X409FAC-X409FA:~/student-portal$ git status
On branch master
Your branch is ahead of 'origin/master' by 3 commits.
  (use "git push" to publish your local commits)

Untracked files:
  (use "git add <file>..." to include in what will be committed)
	Abc.c.c
	README..md

nothing added to commit but untracked files present (use "git add" to track)

